[www.ziiboxes.com/index.html]
[backblue.gif]
[fade.gif]
[index.html]
[www.ziiboxes.com/wp-content/plugins/gyan-elements/assets/css/owl.carousel.min531b.css]
[www.ziiboxes.com/wp-content/plugins/gyan-elements/assets/css/magnific-popup.minf488.css]
[www.ziiboxes.com/wp-content/plugins/gyan-elements/addons/css/gyan-global-minc358.css]
[www.ziiboxes.com/wp-content/plugins/gyan-elements/addons/css/gyan-grid-minc358.css]
[www.ziiboxes.com/wp-content/plugins/gyan-elements/addons/css/gyan-basic-addons-minc358.css]
[www.ziiboxes.com/wp-content/plugins/gyan-elements/addons/css/gyan-advanced-addons-minc358.css]
[www.ziiboxes.com/wp-content/plugins/gyan-elements/addons/css/gyan-portfolio-minc358.css]
[www.ziiboxes.com/wp-content/plugins/gyan-elements/widgets/custom-widgets-minc358.css]
[www.ziiboxes.com/wp-content/plugins/revslider/public/assets/css/rs63f21.css]
[c0.wp.com/p/woocommerce/4.8.0/assets/css/woocommerce-layout.css]
[c0.wp.com/p/woocommerce/4.8.0/assets/css/woocommerce-smallscreen.css]
[c0.wp.com/p/woocommerce/4.8.0/assets/css/woocommerce.css]
[www.ziiboxes.com/wp-content/themes/bizix/webfonts/font-awesome.minc358.css]
[www.ziiboxes.com/wp-content/themes/bizix/css/global-header-layout-minc358.css]
[www.ziiboxes.com/wp-content/plugins/elementor/assets/lib/eicons/css/elementor-icons.min74e5.css]
[www.ziiboxes.com/wp-content/plugins/elementor/assets/lib/animations/animations.minc3cf.css]
[www.ziiboxes.com/wp-content/plugins/elementor/assets/css/frontend-legacy.minc3cf.css]
[www.ziiboxes.com/wp-content/plugins/elementor/assets/css/frontend.minc3cf.css]
[www.ziiboxes.com/wp-content/uploads/elementor/css/post-135cc2.css]
[www.ziiboxes.com/wp-content/uploads/elementor/css/post-1609d68.css]
[c0.wp.com/p/jetpack/9.2.1/css/jetpack.css]
[stats.wp.com/s-202347.js]
[c0.wp.com/c/5.5.13/wp-includes/js/jquery/jquery.js]
[www.ziiboxes.com/wp-content/plugins/revslider/public/assets/js/rbtools.min3f21.js]
[www.ziiboxes.com/wp-content/uploads/2020/10/纸logo-90x90.png]
[www.ziiboxes.com/wp-content/uploads/2020/10/纸logo.png]
[www.ziiboxes.com/wp-content/uploads/2020/11/background.jpg]
[www.ziiboxes.com/wp-content/uploads/2020/11/zii_website_logo_126.png]
[www.ziiboxes.com/wp-content/uploads/2020/02/home3-slider.jpg]
[www.ziiboxes.com/wp-content/plugins/revslider/public/assets/js/rs6.min3f21.js]
[www.ziiboxes.com/services/index.html]
[www.ziiboxes.com/products/index.html]
[www.ziiboxes.com/wp-content/uploads/revslider/home-three/slider-3-play.png]
[www.ziiboxes.com/about-us/index.html]
[www.ziiboxes.com/contact-us/index.html]
[www.ziiboxes.com/wp-content/uploads/2020/11/design.png]
[www.ziiboxes.com/wp-content/uploads/2020/11/production.png]
[www.ziiboxes.com/wp-content/uploads/2020/02/icon-process3.png]
[www.ziiboxes.com/wp-content/uploads/2020/02/home3-welcome.jpg]
[www.ziiboxes.com/wp-content/uploads/2020/11/quote-300x300.jpg]
[www.ziiboxes.com/wp-content/uploads/2020/02/home3-process2.jpg]
[www.ziiboxes.com/wp-content/uploads/2020/11/production-300x300.jpg]
[www.ziiboxes.com/wp-content/uploads/2020/11/ship-4490852-1-scaled.jpg]
[www.ziiboxes.com/wp-content/uploads/2020/11/客户.png]
[www.ziiboxes.com/wp-content/uploads/2020/11/奖杯-1.png]
[www.ziiboxes.com/wp-content/uploads/2020/02/icon-engineer.png]
[www.ziiboxes.com/wp-content/uploads/2020/02/icon-artist.png]
[www.ziiboxes.com/wp-content/uploads/2020/11/签名2-300x77.png]
[www.ziiboxes.com/wp-content/uploads/2020/11/tencent_logo.png]
[www.ziiboxes.com/wp-content/uploads/2020/11/huawei_logo.png]
[www.ziiboxes.com/wp-content/uploads/2020/11/nio_logo.png]
[www.ziiboxes.com/wp-content/uploads/2020/11/samsung_logo.png]
[www.ziiboxes.com/wp-content/uploads/2020/11/chanel_logo-1.png]
[www.ziiboxes.com/wp-content/uploads/2020/11/dw_logo.png]
[www.ziiboxes.com/wp-content/uploads/2020/11/tiktok_qrcode-1-300x289.jpg]
[use.fontawesome.com/releases/v5.0.13/css/all2c00.css]
[www.ziiboxes.com/wp-content/plugins/ays-popup-box/public/css/animate2c00.css]
[www.ziiboxes.com/wp-content/plugins/ays-popup-box/public/css/ays-pb-public2c00.css]
[www.ziiboxes.com/wp-content/plugins/gyan-elements/assets/js/custom-scripts-minc358.js]
[www.ziiboxes.com/wp-content/plugins/gyan-elements/assets/js/owl.carousel.min531b.js]
[c0.wp.com/p/woocommerce/4.8.0/assets/js/jquery-blockui/jquery.blockUI.min.js]
[c0.wp.com/p/woocommerce/4.8.0/assets/js/frontend/add-to-cart.min.js]
[c0.wp.com/p/woocommerce/4.8.0/assets/js/js-cookie/js.cookie.min.js]
[c0.wp.com/p/woocommerce/4.8.0/assets/js/frontend/woocommerce.min.js]
[c0.wp.com/p/woocommerce/4.8.0/assets/js/frontend/cart-fragments.min.js]
[www.ziiboxes.com/wp-content/plugins/mailchimp-for-woocommerce/public/js/mailchimp-woocommerce-public.min0875.js]
[c0.wp.com/c/5.5.13/wp-includes/js/jquery/ui/effect.min.js]
[c0.wp.com/c/5.5.13/wp-includes/js/jquery/ui/effect-blind.min.js]
[www.ziiboxes.com/wp-content/themes/bizix/js/easing.minc358.js]
[www.ziiboxes.com/wp-content/themes/bizix/js/debouncedresize.minc358.js]
[www.ziiboxes.com/wp-content/themes/bizix/js/fitvids.minc358.js]
[www.ziiboxes.com/wp-content/themes/bizix/js/cookie.minc358.js]
[c0.wp.com/p/woocommerce/4.8.0/assets/js/flexslider/jquery.flexslider.min.js]
[www.ziiboxes.com/wp-content/themes/bizix/js/coffeescript.minc358.js]
[c0.wp.com/c/5.5.13/wp-includes/js/imagesloaded.min.js]
[www.ziiboxes.com/wp-content/plugins/gyan-elements/addons/js/jquery.magnific-popup.minf488.js]
[www.ziiboxes.com/wp-content/themes/bizix/js/theme-settings-minc358.js]
[www.ziiboxes.com/wp-content/themes/bizix/js/theme-megamenu-minc358.js]
[www.ziiboxes.com/wp-content/plugins/gyan-elements/addons/js/isotope.min7c45.js]
[www.ziiboxes.com/wp-content/themes/bizix/js/theia-sticky-sidebar.minc358.js]
[www.ziiboxes.com/wp-content/plugins/ays-popup-box/public/js/ays-pb-public2c00.js]
[www.ziiboxes.com/wp-content/plugins/gyan-elements/addons/js/gyan-widgets-minc358.js]
[c0.wp.com/c/5.5.13/wp-includes/js/jquery/ui/position.min.js]
[www.ziiboxes.com/wp-content/plugins/elementor/assets/js/frontend-modules.minc3cf.js]
[www.ziiboxes.com/wp-content/plugins/elementor/assets/lib/dialog/dialog.mina288.js]
[www.ziiboxes.com/wp-content/plugins/elementor/assets/lib/waypoints/waypoints.min05da.js]
[www.ziiboxes.com/wp-content/plugins/elementor/assets/lib/share-link/share-link.minc3cf.js]
[www.ziiboxes.com/index.html]
[www.ziiboxes.com/wp-content/plugins/elementor/assets/lib/swiper/swiper.min48f5.js]
[www.ziiboxes.com/wp-content/plugins/elementor/assets/js/frontend.minc3cf.js]
[www.ziiboxes.com/wp-content/plugins/gyan-elements/assets/css/owl.carousel.min531b.css]
[www.ziiboxes.com/wp-content/plugins/gyan-elements/assets/css/magnific-popup.minf488.css]
[www.ziiboxes.com/wp-content/plugins/gyan-elements/addons/css/gyan-global-minc358.css]
[www.ziiboxes.com/wp-content/plugins/gyan-elements/addons/css/gyan-grid-minc358.css]
[www.ziiboxes.com/wp-content/plugins/gyan-elements/addons/css/gyan-basic-addons-minc358.css]
[www.ziiboxes.com/wp-content/plugins/gyan-elements/addons/css/gyan-advanced-addons-minc358.css]
[www.ziiboxes.com/wp-content/plugins/gyan-elements/addons/css/gyan-portfolio-minc358.css]
[www.ziiboxes.com/wp-content/plugins/gyan-elements/widgets/custom-widgets-minc358.css]
[www.ziiboxes.com/wp-content/plugins/revslider/public/assets/fonts/revicons/revicons90c6.eot]
[www.ziiboxes.com/wp-content/plugins/revslider/public/assets/fonts/revicons/revicons90c6.woff]
[www.ziiboxes.com/wp-content/plugins/revslider/public/assets/fonts/revicons/revicons90c6.ttf]
[www.ziiboxes.com/wp-content/plugins/revslider/public/assets/assets/gridtile.png]
[www.ziiboxes.com/wp-content/plugins/revslider/public/assets/assets/gridtile_white.png]
[www.ziiboxes.com/wp-content/plugins/revslider/public/assets/assets/gridtile_3x3.png]
[www.ziiboxes.com/wp-content/plugins/revslider/public/assets/assets/gridtile_3x3_white.png]
[www.ziiboxes.com/wp-content/plugins/revslider/public/assets/assets/coloredbg.png]
[www.ziiboxes.com/wp-content/plugins/revslider/public/assets/assets/loader.gif]
[www.ziiboxes.com/wp-content/plugins/revslider/public/assets/css/rs63f21.css]
[c0.wp.com/p/woocommerce/4.8.0/assets/css/woocommerce-layout.css]
[c0.wp.com/p/woocommerce/4.8.0/assets/css/woocommerce-smallscreen.css]
[c0.wp.com/p/woocommerce/4.8.0/assets/css/woocommerce.css]
[www.ziiboxes.com/wp-content/themes/bizix/webfonts/fa-brands-400.eot]
[www.ziiboxes.com/wp-content/themes/bizix/webfonts/fa-brands-400.woff2]
[www.ziiboxes.com/wp-content/themes/bizix/webfonts/fa-brands-400.woff]
[www.ziiboxes.com/wp-content/themes/bizix/webfonts/fa-brands-400d41d.eot]
[www.ziiboxes.com/wp-content/themes/bizix/webfonts/fa-brands-400.ttf]
[www.ziiboxes.com/wp-content/themes/bizix/webfonts/fa-regular-400.eot]
[www.ziiboxes.com/wp-content/themes/bizix/webfonts/fa-regular-400.woff2]
[www.ziiboxes.com/wp-content/themes/bizix/webfonts/fa-regular-400d41d.eot]
[www.ziiboxes.com/wp-content/themes/bizix/webfonts/fa-regular-400.woff]
[www.ziiboxes.com/wp-content/themes/bizix/webfonts/fa-regular-400.ttf]
[www.ziiboxes.com/wp-content/themes/bizix/webfonts/fa-solid-900.eot]
[www.ziiboxes.com/wp-content/themes/bizix/webfonts/fa-solid-900.woff2]
[www.ziiboxes.com/wp-content/themes/bizix/webfonts/fa-solid-900.woff]
[www.ziiboxes.com/wp-content/themes/bizix/webfonts/fa-solid-900d41d.eot]
[www.ziiboxes.com/wp-content/themes/bizix/webfonts/fa-solid-900.ttf]
[www.ziiboxes.com/wp-content/themes/bizix/webfonts/font-awesome.minc358.css]
[www.ziiboxes.com/wp-content/themes/bizix/webfonts/flat-icons/Flaticon.eot]
[www.ziiboxes.com/wp-content/themes/bizix/webfonts/flat-icons/Flaticond41d.eot]
[www.ziiboxes.com/wp-content/themes/bizix/webfonts/flat-icons/Flaticon.woff2]
[www.ziiboxes.com/wp-content/themes/bizix/webfonts/flat-icons/Flaticon.woff]
[www.ziiboxes.com/wp-content/themes/bizix/webfonts/flat-icons/Flaticon.ttf]
[www.ziiboxes.com/wp-content/themes/bizix/images/select.png]
[www.ziiboxes.com/wp-content/themes/bizix/images/search-no-image.png]
[www.ziiboxes.com/wp-content/themes/bizix/images/select2.png]
[www.ziiboxes.com/wp-content/themes/bizix/css/global-header-layout-minc358.css]
[www.ziiboxes.com/wp-content/plugins/elementor/assets/lib/eicons/fonts/eiconsc2cd.eot]
[www.ziiboxes.com/wp-content/plugins/elementor/assets/lib/eicons/fonts/eiconsc2cd.woff2]
[www.ziiboxes.com/wp-content/plugins/elementor/assets/lib/eicons/fonts/eiconsc2cd.woff]
[www.ziiboxes.com/wp-content/plugins/elementor/assets/lib/eicons/fonts/eiconsc2cd.ttf]
[www.ziiboxes.com/wp-content/plugins/elementor/assets/lib/eicons/css/elementor-icons.min74e5.css]
[www.ziiboxes.com/wp-content/plugins/elementor/assets/lib/animations/animations.minc3cf.css]
[www.ziiboxes.com/wp-content/plugins/elementor/assets/css/frontend-legacy.minc3cf.css]
[www.ziiboxes.com/wp-content/plugins/elementor/assets/css/frontend.minc3cf.css]
[www.ziiboxes.com/wp-content/uploads/elementor/css/post-135cc2.css]
[www.ziiboxes.com/wp-content/uploads/2020/02/home3-big-circle-bg.jpg]
[www.ziiboxes.com/wp-content/uploads/2020/02/home3-process-bg.jpg]
[www.ziiboxes.com/wp-content/uploads/2020/11/CEO_photo_800.jpg]
[www.ziiboxes.com/wp-content/uploads/2020/02/home3-dot-circle-bg2.jpg]
[www.ziiboxes.com/wp-content/uploads/elementor/css/post-1609d68.css]
[c0.wp.com/p/jetpack/9.2.1/modules/carousel/images/arrows.png]
[c0.wp.com/p/jetpack/9.2.1/modules/carousel/images/arrows-2x.png]
[c0.wp.com/p/jetpack/9.2.1/modules/carousel/images/carousel-spritee4da.png]
[c0.wp.com/p/jetpack/9.2.1/modules/carousel/images/carousel-sprite-2xe4da.png]
[c0.wp.com/p/jetpack/9.2.1/modules/shortcodes/img/slideshow-controls.png]
[c0.wp.com/p/jetpack/9.2.1/modules/shortcodes/img/slideshow-controls-2x.png]
[c0.wp.com/p/jetpack/9.2.1/modules/shortcodes/images/slide-nav.png]
[c0.wp.com/p/jetpack/9.2.1/modules/shortcodes/images/expand.png]
[c0.wp.com/p/jetpack/9.2.1/modules/shortcodes/images/collapse.png]
[c0.wp.com/p/jetpack/9.2.1/css/jetpack.css]
[www.ziiboxes.com/wp-content/plugins/gyan-elements/assets/css/owl.carousel.min.css,qver=2.3.4.pagespeed.ce.c7UPYxzbip.css]
[www.ziiboxes.com/wp-content/plugins/gyan-elements/assets/css/A.magnific-popup.min.css,qver=1.1.0.pagespeed.cf.Q-EMT-w3L5.css]
[www.ziiboxes.com/wp-content/plugins/gyan-elements/addons/css/gyan-global-min.css,qver=1.1.3.pagespeed.ce.zn9yDaPQXo.css]
[www.ziiboxes.com/wp-content/plugins/gyan-elements/addons/css/gyan-grid-min.css,qver=1.1.3.pagespeed.ce.aNQaIrWa7F.css]
[www.ziiboxes.com/wp-content/plugins/gyan-elements/addons/css/gyan-basic-addons-min.css,qver=1.1.3.pagespeed.ce.wLuJNwBxxv.css]
[www.ziiboxes.com/wp-content/plugins/gyan-elements/addons/css/gyan-advanced-addons-min.css,qver=1.1.3.pagespeed.ce.bhv-KOZth8.css]
[www.ziiboxes.com/wp-content/plugins/gyan-elements/addons/css/gyan-portfolio-min.css,qver=1.1.3.pagespeed.ce.7CLQxaAg1_.css]
[www.ziiboxes.com/wp-content/plugins/gyan-elements/widgets/custom-widgets-min.css,qver=1.1.3.pagespeed.ce.yI2L7BaLIV.css]
[www.ziiboxes.com/wp-content/plugins/revslider/public/assets/css/A.rs6.css,qver=6.2.23.pagespeed.cf.3x9Yp6hc8L.css]
[www.ziiboxes.com/wp-content/themes/bizix/webfonts/font-awesome.min.css,qver=1.1.3.pagespeed.ce.E6AR8DCWR7.css]
[www.ziiboxes.com/wp-content/themes/bizix/css/A.global-header-layout-min.css,qver=1.1.3.pagespeed.cf.2Rnj_5Mk6D.css]
[www.ziiboxes.com/wp-content/plugins/elementor/assets/lib/eicons/css/A.elementor-icons.min.css,qver=5.9.1.pagespeed.cf.edcwVl1ESz.css]
[www.ziiboxes.com/wp-content/plugins/elementor/assets/lib/animations/animations.min.css,qver=3.0.15.pagespeed.ce.RgG6VQREE3.css]
[www.ziiboxes.com/wp-content/plugins/elementor/assets/css/A.frontend-legacy.min.css,qver=3.0.15.pagespeed.cf.UuRGikotJu.css]
[www.ziiboxes.com/wp-content/plugins/elementor/assets/css/frontend.min.css,qver=3.0.15.pagespeed.ce._5ZSWCODZ0.css]
[www.ziiboxes.com/wp-content/uploads/elementor/css/post-1741d9cb.css]
[www.ziiboxes.com/wp-content/plugins/revslider/public/assets/js/rbtools.min.js,qver=6.2.23.pagespeed.jm.exeYXNRxN6.js]
[www.ziiboxes.com/wp-content/uploads/2020/11/xzii_website_logo_126.png.pagespeed.ic.9M2pGilcq0.png]
[www.ziiboxes.com/wp-content/uploads/2020/11/Whiskey_21-670x670.jpg]
[www.ziiboxes.com/wp-content/uploads/2020/11/Whiskey_21.jpg]
[www.ziiboxes.com/wp-content/uploads/2020/11/book-670x670.jpg]
[www.ziiboxes.com/wp-content/uploads/2020/11/book.jpg]
[www.ziiboxes.com/wp-content/uploads/2020/11/dior-670x670.jpg]
[www.ziiboxes.com/wp-content/uploads/2020/11/dior.jpg]
[www.ziiboxes.com/wp-content/uploads/2020/11/netflix-1-670x670.jpg]
[www.ziiboxes.com/wp-content/uploads/2020/11/netflix-1.jpg]
[www.ziiboxes.com/wp-content/uploads/2020/02/Industrial-Packaging-670x670.jpg]
[www.ziiboxes.com/wp-content/uploads/2020/02/Industrial-Packaging.jpg]
[www.ziiboxes.com/wp-content/uploads/2020/02/Cardboard-boxes-670x670.jpg]
[www.ziiboxes.com/wp-content/uploads/2020/02/Cardboard-boxes.jpg]
[www.ziiboxes.com/wp-content/uploads/2020/02/handbag-670x670.jpg]
[www.ziiboxes.com/wp-content/uploads/2020/02/handbag.jpg]
[www.ziiboxes.com/wp-content/uploads/2020/02/Foldable-boxes-670x670.jpg]
[www.ziiboxes.com/wp-content/uploads/2020/02/Foldable-boxes.jpg]
[www.ziiboxes.com/wp-content/uploads/2020/02/mailer-boxes-670x670.jpg]
[www.ziiboxes.com/wp-content/uploads/2020/02/mailer-boxes.jpg]
[www.ziiboxes.com/wp-content/uploads/2020/02/Product-Boxes-670x670.jpg]
[www.ziiboxes.com/wp-content/uploads/2020/02/Product-Boxes.jpg]
[www.ziiboxes.com/wp-content/uploads/2020/02/Perfume-packaging-670x670.jpg]
[www.ziiboxes.com/wp-content/uploads/2020/02/Perfume-packaging.jpg]
[www.ziiboxes.com/wp-content/uploads/2020/02/Jewelry-box-670x670.jpg]
[www.ziiboxes.com/wp-content/uploads/2020/02/Jewelry-box.jpg]
[www.ziiboxes.com/wp-content/uploads/2020/02/cookie-boxes-670x670.jpg]
[www.ziiboxes.com/wp-content/uploads/2020/02/cookie-boxes.jpg]
[www.ziiboxes.com/wp-content/uploads/2020/02/Gift-Boxes-670x670.jpg]
[www.ziiboxes.com/wp-content/uploads/2020/02/Gift-Boxes.jpg]
[www.ziiboxes.com/wp-content/uploads/2020/02/drawer-box-670x670.jpg]
[www.ziiboxes.com/wp-content/uploads/2020/02/drawer-box.jpg]
[www.ziiboxes.com/wp-content/plugins/ays-popup-box/public/css/A.animate.css,qver=1.9.2.pagespeed.cf.of2nzh4fUZ.css]
[www.ziiboxes.com/wp-content/plugins/ays-popup-box/public/css/A.ays-pb-public.css,qver=1.9.2.pagespeed.cf.i9kpyAJ7Yp.css]
[www.ziiboxes.com/wp-content/plugins/gyan-elements/assets/js/owl.carousel.min.js,qver=2.3.4.pagespeed.jm.Wxix4CdUVM.js]
[www.ziiboxes.com/wp-content/themes/bizix/js/theme-settings-min.js,qver==1.1.3+theme-megamenu-min.js,qver==1.1.3+theia-sticky-sidebar.min.js,qver==1.1.3.pagespeed.jc.rX-wd4H3n-.js]
[www.ziiboxes.com/wp-content/plugins/gyan-elements/addons/js/jquery_resize.min3061.js]
[www.ziiboxes.com/products/index.html]
[www.ziiboxes.com/wp-content/plugins,_mailchimp-for-woocommerce,_public,_js,_mailchimp-woocommerce-public.min.js,qver==2.5.0+themes,_bizix,_js,_easing.min.js,qver==1.1.3+themes,_bizix,_js,_debouncedresize.min.js,qver=]
[www.ziiboxes.com/wp-content/uploads/elementor/css/post-3913318.css]
[www.ziiboxes.com/wp-content/uploads/2020/11/914205_300.jpg]
[www.ziiboxes.com/wp-content/plugins/elementor/assets/js/frontend.min.js,qver=3.0.15.pagespeed.jm.pOxSjO6kZS.js]
[www.ziiboxes.com/wp-content/uploads/2020/11/914870_400-1024x1022.jpg]
[www.ziiboxes.com/wp-content/uploads/2020/11/cc-book.png]
[www.ziiboxes.com/wp-content/uploads/2020/11/envelope-solid.png]
[www.ziiboxes.com/wp-content/uploads/2020/11/Packaging.png]
[www.ziiboxes.com/wp-content/uploads/2020/11/986079-300x212.jpg]
[www.ziiboxes.com/wp-content/uploads/2020/11/871284-300x212.jpg]
[www.ziiboxes.com/wp-content/uploads/2020/11/987089-300x212.png]
[www.ziiboxes.com/wp-content/uploads/2020/11/984745-300x212.png]
[www.ziiboxes.com/wp-content/uploads/2020/11/986179-300x212.png]
[www.ziiboxes.com/wp-content/uploads/2020/02/service-single3.jpg]
[www.ziiboxes.com/wp-content/uploads/2020/11/tiktok_qrcode-1-300x289.jpg.pagespeed.ce.ta6rOA1SoN.jpg]
[www.ziiboxes.com/wp-content/plugins/gyan-elements,_addons,_js,_gyan-widgets-min.js,qver==1.1.3+ays-popup-box,_public,_js,_ays-pb-public.js,qver==1.9.2.pagespeed.jc.r1bz7e8H8A.js]
[www.ziiboxes.com/wp-content/plugins/elementor/assets/lib/share-link/share-link.min.js,qver=3.0.15.pagespeed.jm.kG_9MR81ou.js]
[www.ziiboxes.com/services/index.html]
[www.ziiboxes.com/wp-content/uploads/elementor/css/post-1611e24.css]
[www.ziiboxes.com/wp-content/plugins/elementor/assets/js,_frontend-modules.min.js,qver==3.0.15+lib,_dialog,_dialog.min.js,qver==4.8.1+lib,_waypoints,_waypoints.min.js,qver==4.0.2.pagespeed.jc.I_xSxWn8I9.js]
[www.ziiboxes.com/wp-content/uploads/2020/03/about-welcome.jpg]
[www.ziiboxes.com/wp-content/uploads/2020/11/Rohs.png]
[www.ziiboxes.com/wp-content/uploads/2020/02/icon-artist2.png]
[www.ziiboxes.com/wp-content/uploads/2020/11/认证.png]
[www.ziiboxes.com/wp-content/uploads/2020/11/送关怀.png]
[www.ziiboxes.com/wp-content/plugins/elementor/assets/lib/swiper/swiper.min.js,qver=5.3.6.pagespeed.jm.0kJnTpXBgJ.js]
[www.ziiboxes.com/wp-content/uploads/2020/02/about-faq.jpg]
[www.ziiboxes.com/wp-content/uploads/2020/11/xtiktok_qrcode-1-300x289.jpg.pagespeed.ic.uKamOHnxWn.jpg]
[www.ziiboxes.com/about-us/index.html]
[www.ziiboxes.com/wp-content/uploads/elementor/css/post-18763d60.css]
[www.ziiboxes.com/wp-content/plugins/contact-form-7/includes/css/styles9dff.css]
[www.ziiboxes.com/wp-content/plugins/gyan-elements/addons/css/gyan-contact-form-7-minc358.css]
[www.ziiboxes.com/contact-us/index.html]
[www.ziiboxes.com/wp-content/plugins/contact-form-7/includes/js/scripts9dff.js]
[www.ziiboxes.com/wp-content/uploads/2020/11/ship-4490852-1-scaled.jpg]
[use.fontawesome.com/releases/v5.0.13/css/all2c00.css]
[www.ziiboxes.com/wp-content/plugins/ays-popup-box/public/css/animate2c00.css]
[cdn4.iconfinder.com/data/icons/small-n-flat/24/663378.png]
[www.ziiboxes.com/wp-content/plugins/ays-popup-box/public/css/ays-pb-public2c00.css]
[www.ziiboxes.com/wp-content/plugins/gyan-elements/assets/css/owl.video.play.html]
[www.ziiboxes.com/wp-content/plugins/revslider/public/assets/fonts/revicons/revicons90c6.svg]
[www.ziiboxes.com/wp-content/plugins/revslider/public/assets/css/closedhand.html]
[www.ziiboxes.com/wp-content/themes/bizix/webfonts/fa-brands-400.svg]
[www.ziiboxes.com/wp-content/themes/bizix/webfonts/fa-regular-400.svg]
[www.ziiboxes.com/wp-content/themes/bizix/webfonts/fa-solid-900.svg]
[www.ziiboxes.com/wp-content/themes/bizix/webfonts/flat-icons/Flaticon.svg]
[www.ziiboxes.com/wp-content/plugins/elementor/assets/lib/eicons/fonts/eiconsc2cd.svg]
[www.ziiboxes.com/wp-content/plugins/gyan-elements/assets/css/owl.carousel.min.css,qver=2.3.4.pagespeed.ce.c7UPYxzbip.css]
[www.ziiboxes.com/wp-content/plugins/gyan-elements/assets/css/A.magnific-popup.min.css,qver=1.1.0.pagespeed.cf.Q-EMT-w3L5.css]
[www.ziiboxes.com/wp-content/plugins/gyan-elements/addons/css/gyan-global-min.css,qver=1.1.3.pagespeed.ce.zn9yDaPQXo.css]
[www.ziiboxes.com/wp-content/plugins/gyan-elements/addons/css/gyan-grid-min.css,qver=1.1.3.pagespeed.ce.aNQaIrWa7F.css]
[www.ziiboxes.com/wp-content/plugins/gyan-elements/addons/css/gyan-basic-addons-min.css,qver=1.1.3.pagespeed.ce.wLuJNwBxxv.css]
[www.ziiboxes.com/wp-content/plugins/gyan-elements/addons/css/gyan-advanced-addons-min.css,qver=1.1.3.pagespeed.ce.bhv-KOZth8.css]
[www.ziiboxes.com/wp-content/plugins/gyan-elements/addons/css/gyan-portfolio-min.css,qver=1.1.3.pagespeed.ce.7CLQxaAg1_.css]
[www.ziiboxes.com/wp-content/plugins/gyan-elements/widgets/custom-widgets-min.css,qver=1.1.3.pagespeed.ce.yI2L7BaLIV.css]
[www.ziiboxes.com/wp-content/plugins/revslider/public/assets/assets/gridtile.png.pagespeed.ce.Vcm6sTX0T1.png]
[www.ziiboxes.com/wp-content/plugins/revslider/public/assets/assets/coloredbg.png.pagespeed.ce.jEXDzo8QUy.png]
[www.ziiboxes.com/wp-content/plugins/revslider/public/assets/css/A.rs6.css,qver=6.2.23.pagespeed.cf.3x9Yp6hc8L.css]
[www.ziiboxes.com/wp-content/themes/bizix/webfonts/font-awesome.min.css,qver=1.1.3.pagespeed.ce.E6AR8DCWR7.css]
[www.ziiboxes.com/wp-content/themes/bizix/images/xselect.png.pagespeed.ic.3Npy9NTirj.png]
[www.ziiboxes.com/wp-content/themes/bizix/css/A.global-header-layout-min.css,qver=1.1.3.pagespeed.cf.2Rnj_5Mk6D.css]
[www.ziiboxes.com/wp-content/plugins/elementor/assets/lib/eicons/css/A.elementor-icons.min.css,qver=5.9.1.pagespeed.cf.edcwVl1ESz.css]
[www.ziiboxes.com/wp-content/plugins/elementor/assets/lib/animations/animations.min.css,qver=3.0.15.pagespeed.ce.RgG6VQREE3.css]
[www.ziiboxes.com/wp-content/plugins/elementor/assets/css/A.frontend-legacy.min.css,qver=3.0.15.pagespeed.cf.UuRGikotJu.css]
[www.ziiboxes.com/wp-content/plugins/elementor/assets/css/frontend.min.css,qver=3.0.15.pagespeed.ce._5ZSWCODZ0.css]
[www.ziiboxes.com/wp-content/uploads/elementor/css/post-1741d9cb.css]
[www.ziiboxes.com/wp-content/uploads/2020/11/Whiskey_21.jpg]
[www.ziiboxes.com/wp-content/uploads/2020/02/Jewelry-box.jpg]
[www.ziiboxes.com/wp-content/plugins/ays-popup-box/public/css/A.animate.css,qver=1.9.2.pagespeed.cf.of2nzh4fUZ.css]
[www.ziiboxes.com/wp-content/plugins/ays-popup-box/public/css/A.ays-pb-public.css,qver=1.9.2.pagespeed.cf.i9kpyAJ7Yp.css]
[www.ziiboxes.com/wp-content/uploads/2020/02/service-call.png]
[www.ziiboxes.com/wp-content/uploads/elementor/css/post-3913318.css]
[www.ziiboxes.com/wp-content/uploads/2020/02/about-welcome-bg.jpg]
[www.ziiboxes.com/wp-content/uploads/2020/02/about-lines.jpg]
[www.ziiboxes.com/wp-content/uploads/2020/02/home1-bg2.jpg]
[www.ziiboxes.com/wp-content/uploads/2020/02/about-circles.jpg]
[www.ziiboxes.com/wp-content/uploads/elementor/css/post-1611e24.css]
[www.ziiboxes.com/wp-content/uploads/2020/02/about-dot-curve.html]
[www.ziiboxes.com/wp-content/uploads/elementor/css/post-18763d60.css]
[www.ziiboxes.com/wp-content/plugins/contact-form-7/assets/ajax-loader.gif]
[www.ziiboxes.com/wp-content/plugins/contact-form-7/includes/css/styles9dff.css]
[www.ziiboxes.com/wp-content/plugins/gyan-elements/addons/css/gyan-contact-form-7-minc358.css]
[www.ziiboxes.com/feed/index.html]
[www.ziiboxes.com/comments/feed/index.html]
[www.ziiboxes.com/wp-content/plugins/revslider/public/assets/css/openhand.cur]
[code.tidio.co_443/khivupcm4ndkptwhi8v0bkskb8ka0xri.js]
[secure.gravatar.com/images/grav-share-sprite.png]
