[www.ziiboxes.com/index.html]
[backblue.gif]
[fade.gif]
[index.html]
[www.ziiboxes.com/wp-content/plugins/gyan-elements/assets/css/owl.carousel.min531b.css]
[www.ziiboxes.com/wp-content/plugins/gyan-elements/assets/css/magnific-popup.minf488.css]
[www.ziiboxes.com/wp-content/plugins/gyan-elements/addons/css/gyan-global-minc358.css]
[www.ziiboxes.com/wp-content/plugins/gyan-elements/addons/css/gyan-grid-minc358.css]
[www.ziiboxes.com/wp-content/plugins/gyan-elements/addons/css/gyan-basic-addons-minc358.css]
[www.ziiboxes.com/wp-content/plugins/gyan-elements/addons/css/gyan-advanced-addons-minc358.css]
[www.ziiboxes.com/wp-content/plugins/gyan-elements/addons/css/gyan-portfolio-minc358.css]
[use.fontawesome.com/releases/v5.0.13/css/all3c94.css]
[www.ziiboxes.com/wp-content/plugins/ays-popup-box/public/css/animate3c94.css]
[www.ziiboxes.com/wp-content/plugins/gyan-elements/widgets/custom-widgets-minc358.css]
[www.ziiboxes.com/wp-content/plugins/revslider/public/assets/css/rs63f21.css]
[c0.wp.com/p/woocommerce/5.0.0/assets/css/woocommerce-layout.css]
[c0.wp.com/p/woocommerce/5.0.0/assets/css/woocommerce-smallscreen.css]
[c0.wp.com/p/woocommerce/5.0.0/assets/css/woocommerce.css]
[www.ziiboxes.com/wp-content/themes/bizix/webfonts/font-awesome.min5a2c.css]
[www.ziiboxes.com/wp-content/themes/bizix/css/global-header-layout-min5a2c.css]
[www.ziiboxes.com/wp-content/plugins/elementor/assets/lib/eicons/css/elementor-icons.minee95.css]
[www.ziiboxes.com/wp-content/plugins/elementor/assets/lib/animations/animations.minb12b.css]
[www.ziiboxes.com/wp-content/plugins/elementor/assets/css/frontend-legacy.minb12b.css]
[www.ziiboxes.com/wp-content/plugins/elementor/assets/css/frontend.minb12b.css]
[www.ziiboxes.com/wp-content/uploads/elementor/css/post-134c2d.css]
[www.ziiboxes.com/wp-content/uploads/elementor/css/post-1606ac5.css]
[c0.wp.com/p/jetpack/9.4.3/css/jetpack.css]
[c0.wp.com/c/5.6.11/wp-includes/js/jquery/jquery-migrate.min.js]
[c0.wp.com/c/5.6.11/wp-includes/js/jquery/jquery.min.js]
[www.ziiboxes.com/wp-content/plugins/ays-popup-box/public/js/ays-pb-public3c94.js]
[www.ziiboxes.com/wp-content/plugins/revslider/public/assets/js/rbtools.min3f21.js]
[www.ziiboxes.com/wp-content/plugins/revslider/public/assets/js/rs6.min3f21.js]
[stats.wp.com/s-202340.js]
[www.ziiboxes.com/wp-content/uploads/2020/10/纸logo-90x90.png]
[www.ziiboxes.com/wp-content/uploads/2020/10/纸logo.png]
[www.ziiboxes.com/wp-content/uploads/2020/11/background.jpg]
[www.ziiboxes.com/cdn-cgi/l/email-protection.html]
[www.ziiboxes.com/wp-content/uploads/2020/11/zii_website_logo_126.png]
[www.ziiboxes.com/wp-content/uploads/2020/02/home3-slider.jpg]
[www.ziiboxes.com/products/index.html]
[www.ziiboxes.com/about-us/index.html]
[www.ziiboxes.com/services/index.html]
[www.ziiboxes.com/wp-content/uploads/revslider/home-three/slider-3-play.png]
[www.ziiboxes.com/cdn-cgi/scripts/5c5dd728/cloudflare-static/email-decode.min.js]
[www.ziiboxes.com/contact-us/index.html]
[www.ziiboxes.com/wp-content/uploads/2020/11/design.png]
[www.ziiboxes.com/wp-content/uploads/2020/11/production.png]
[www.ziiboxes.com/wp-content/uploads/2020/02/icon-process3.png]
[www.ziiboxes.com/wp-content/uploads/2020/02/home3-welcome.jpg]
[www.ziiboxes.com/wp-content/uploads/2020/11/quote-300x300.jpg]
[www.ziiboxes.com/wp-content/uploads/2020/02/home3-process2.jpg]
[www.ziiboxes.com/wp-content/uploads/2020/11/production-300x300.jpg]
[www.ziiboxes.com/wp-content/uploads/2020/11/ship-4490852-1-scaled.jpg]
[www.ziiboxes.com/wp-content/uploads/2020/11/客户.png]
[www.ziiboxes.com/wp-content/uploads/2020/11/奖杯-1.png]
[www.ziiboxes.com/wp-content/uploads/2020/02/icon-engineer.png]
[www.ziiboxes.com/wp-content/uploads/2020/02/icon-artist.png]
[www.ziiboxes.com/wp-content/uploads/2020/11/签名2-300x77.png]
[www.ziiboxes.com/wp-content/uploads/2020/11/tencent_logo.png]
[www.ziiboxes.com/wp-content/uploads/2020/11/huawei_logo.png]
[www.ziiboxes.com/wp-content/uploads/2020/11/nio_logo.png]
[www.ziiboxes.com/wp-content/uploads/2020/11/samsung_logo.png]
[www.ziiboxes.com/wp-content/uploads/2020/11/chanel_logo-1.png]
[www.ziiboxes.com/wp-content/uploads/2020/11/dw_logo.png]
[www.ziiboxes.com/wp-content/uploads/2020/11/tiktok_qrcode-1-300x289.jpg]
[www.ziiboxes.com/wp-content/plugins/ays-popup-box/public/css/ays-pb-public3c94.css]
[www.ziiboxes.com/wp-content/plugins/gyan-elements/assets/js/owl.carousel.min531b.js]
[www.ziiboxes.com/wp-content/plugins/gyan-elements/assets/js/custom-scripts-minc358.js]
[c0.wp.com/p/woocommerce/5.0.0/assets/js/jquery-blockui/jquery.blockUI.min.js]
[c0.wp.com/p/woocommerce/5.0.0/assets/js/frontend/add-to-cart.min.js]
[c0.wp.com/p/woocommerce/5.0.0/assets/js/js-cookie/js.cookie.min.js]
[c0.wp.com/p/woocommerce/5.0.0/assets/js/frontend/woocommerce.min.js]
[c0.wp.com/p/woocommerce/5.0.0/assets/js/frontend/cart-fragments.min.js]
[www.ziiboxes.com/wp-content/plugins/mailchimp-for-woocommerce/public/js/mailchimp-woocommerce-public.min0875.js]
[c0.wp.com/c/5.6.11/wp-includes/js/jquery/ui/effect.min.js]
[c0.wp.com/c/5.6.11/wp-includes/js/jquery/ui/effect-blind.min.js]
[www.ziiboxes.com/wp-content/themes/bizix/js/easing.min5a2c.js]
[www.ziiboxes.com/wp-content/themes/bizix/js/debouncedresize.min5a2c.js]
[www.ziiboxes.com/wp-content/themes/bizix/js/fitvids.min5a2c.js]
[c0.wp.com/p/woocommerce/5.0.0/assets/js/flexslider/jquery.flexslider.min.js]
[www.ziiboxes.com/wp-content/themes/bizix/js/cookie.min5a2c.js]
[www.ziiboxes.com/wp-content/themes/bizix/js/coffeescript.min5a2c.js]
[c0.wp.com/c/5.6.11/wp-includes/js/imagesloaded.min.js]
[www.ziiboxes.com/wp-content/plugins/gyan-elements/addons/js/jquery.magnific-popup.minf488.js]
[www.ziiboxes.com/wp-content/plugins/gyan-elements/addons/js/isotope.min7c45.js]
[www.ziiboxes.com/wp-content/themes/bizix/js/theme-settings-min5a2c.js]
[www.ziiboxes.com/wp-content/themes/bizix/js/theme-megamenu-min5a2c.js]
[www.ziiboxes.com/wp-content/themes/bizix/js/theia-sticky-sidebar.min5a2c.js]
[www.ziiboxes.com/wp-content/plugins/gyan-elements/addons/js/gyan-widgets-minc358.js]
[www.ziiboxes.com/wp-content/plugins/elementor/assets/js/webpack.runtime.minb12b.js]
[c0.wp.com/c/5.6.11/wp-includes/js/jquery/ui/core.min.js]
[www.ziiboxes.com/wp-content/plugins/elementor/assets/js/frontend-modules.minb12b.js]
[www.ziiboxes.com/wp-content/plugins/elementor/assets/lib/dialog/dialog.mina288.js]
[www.ziiboxes.com/wp-content/plugins/elementor/assets/lib/waypoints/waypoints.min05da.js]
[www.ziiboxes.com/wp-content/plugins/elementor/assets/lib/share-link/share-link.minb12b.js]
[www.ziiboxes.com/wp-content/plugins/elementor/assets/lib/swiper/swiper.min48f5.js]
[www.ziiboxes.com/wp-content/plugins/elementor/assets/js/frontend.minb12b.js]
[www.ziiboxes.com/wp-content/plugins/elementor/assets/js/preloaded-elements-handlers.minb12b.js]
[stats.wp.com/e-202340.js]
[www.ziiboxes.com/index.html]
[www.ziiboxes.com/wp-content/plugins/gyan-elements/assets/css/owl.carousel.min531b.css]
[www.ziiboxes.com/wp-content/plugins/gyan-elements/assets/css/magnific-popup.minf488.css]
[www.ziiboxes.com/wp-content/plugins/gyan-elements/addons/css/gyan-global-minc358.css]
[www.ziiboxes.com/wp-content/plugins/gyan-elements/addons/css/gyan-grid-minc358.css]
[www.ziiboxes.com/wp-content/plugins/gyan-elements/addons/css/gyan-basic-addons-minc358.css]
[www.ziiboxes.com/wp-content/plugins/gyan-elements/addons/css/gyan-advanced-addons-minc358.css]
[www.ziiboxes.com/wp-content/plugins/gyan-elements/addons/css/gyan-portfolio-minc358.css]
[use.fontawesome.com/releases/v5.0.13/css/all3c94.css]
[www.ziiboxes.com/wp-content/plugins/ays-popup-box/public/css/animate3c94.css]
[www.ziiboxes.com/wp-content/plugins/gyan-elements/widgets/custom-widgets-minc358.css]
[www.ziiboxes.com/wp-content/plugins/revslider/public/assets/fonts/revicons/revicons90c6.eot]
[www.ziiboxes.com/wp-content/plugins/revslider/public/assets/fonts/revicons/revicons90c6.woff]
[www.ziiboxes.com/wp-content/plugins/revslider/public/assets/fonts/revicons/revicons90c6.ttf]
[www.ziiboxes.com/wp-content/plugins/revslider/public/assets/fonts/revicons/revicons90c6.svg]
[www.ziiboxes.com/wp-content/plugins/revslider/public/assets/assets/gridtile.png]
[www.ziiboxes.com/wp-content/plugins/revslider/public/assets/assets/gridtile_white.png]
[www.ziiboxes.com/wp-content/plugins/revslider/public/assets/assets/gridtile_3x3.png]
[www.ziiboxes.com/wp-content/plugins/revslider/public/assets/assets/gridtile_3x3_white.png]
[www.ziiboxes.com/wp-content/plugins/revslider/public/assets/assets/coloredbg.png]
[www.ziiboxes.com/wp-content/plugins/revslider/public/assets/assets/loader.gif]
[www.ziiboxes.com/wp-content/plugins/revslider/public/assets/css/rs63f21.css]
[c0.wp.com/p/woocommerce/5.0.0/assets/css/woocommerce-layout.css]
[c0.wp.com/p/woocommerce/5.0.0/assets/css/woocommerce-smallscreen.css]
[c0.wp.com/p/woocommerce/5.0.0/assets/css/woocommerce.css]
[www.ziiboxes.com/wp-content/themes/bizix/webfonts/fa-brands-400.eot]
[www.ziiboxes.com/wp-content/themes/bizix/webfonts/fa-brands-400d41d.eot]
[www.ziiboxes.com/wp-content/themes/bizix/webfonts/fa-brands-400.woff2]
[www.ziiboxes.com/wp-content/themes/bizix/webfonts/fa-brands-400.woff]
[www.ziiboxes.com/wp-content/themes/bizix/webfonts/fa-brands-400.ttf]
[www.ziiboxes.com/wp-content/themes/bizix/webfonts/fa-brands-400.svg]
[www.ziiboxes.com/wp-content/themes/bizix/webfonts/fa-regular-400.eot]
[www.ziiboxes.com/wp-content/themes/bizix/webfonts/fa-regular-400d41d.eot]
[www.ziiboxes.com/wp-content/themes/bizix/webfonts/fa-regular-400.woff2]
[www.ziiboxes.com/wp-content/themes/bizix/webfonts/fa-regular-400.woff]
[www.ziiboxes.com/wp-content/themes/bizix/webfonts/fa-regular-400.ttf]
[www.ziiboxes.com/wp-content/themes/bizix/webfonts/fa-regular-400.svg]
[www.ziiboxes.com/wp-content/themes/bizix/webfonts/fa-solid-900d41d.eot]
[www.ziiboxes.com/wp-content/themes/bizix/webfonts/fa-solid-900.woff2]
[www.ziiboxes.com/wp-content/themes/bizix/webfonts/fa-solid-900.eot]
[www.ziiboxes.com/wp-content/themes/bizix/webfonts/fa-solid-900.woff]
[www.ziiboxes.com/wp-content/themes/bizix/webfonts/font-awesome.min5a2c.css]
[www.ziiboxes.com/wp-content/themes/bizix/webfonts/fa-solid-900.svg]
[www.ziiboxes.com/wp-content/themes/bizix/webfonts/flat-icons/Flaticon.eot]
[www.ziiboxes.com/wp-content/themes/bizix/webfonts/flat-icons/Flaticond41d.eot]
[www.ziiboxes.com/wp-content/themes/bizix/webfonts/flat-icons/Flaticon.woff2]
[www.ziiboxes.com/wp-content/themes/bizix/webfonts/fa-solid-900.ttf]
[www.ziiboxes.com/wp-content/themes/bizix/webfonts/flat-icons/Flaticon.woff]
[www.ziiboxes.com/wp-content/themes/bizix/webfonts/flat-icons/Flaticon.ttf]
[www.ziiboxes.com/wp-content/themes/bizix/webfonts/flat-icons/Flaticon.svg]
[www.ziiboxes.com/wp-content/themes/bizix/images/select.png]
[www.ziiboxes.com/wp-content/themes/bizix/images/search-no-image.png]
[www.ziiboxes.com/wp-content/themes/bizix/images/select2.png]
[www.ziiboxes.com/wp-content/themes/bizix/css/global-header-layout-min5a2c.css]
[www.ziiboxes.com/wp-content/plugins/elementor/assets/lib/eicons/fonts/eicons0b93.woff2]
[www.ziiboxes.com/wp-content/plugins/elementor/assets/lib/eicons/fonts/eicons0b93.eot]
[www.ziiboxes.com/wp-content/plugins/elementor/assets/lib/eicons/fonts/eicons0b93.woff]
[www.ziiboxes.com/wp-content/plugins/elementor/assets/lib/eicons/fonts/eicons0b93.ttf]
[www.ziiboxes.com/wp-content/plugins/elementor/assets/lib/eicons/css/elementor-icons.minee95.css]
[www.ziiboxes.com/wp-content/plugins/elementor/assets/lib/animations/animations.minb12b.css]
[www.ziiboxes.com/wp-content/plugins/elementor/assets/css/frontend-legacy.minb12b.css]
[www.ziiboxes.com/wp-content/plugins/elementor/assets/css/frontend.minb12b.css]
[www.ziiboxes.com/wp-content/uploads/elementor/css/post-134c2d.css]
[www.ziiboxes.com/wp-content/uploads/2020/02/home3-big-circle-bg.jpg]
[www.ziiboxes.com/wp-content/plugins/elementor/assets/lib/eicons/fonts/eicons0b93.svg]
[www.ziiboxes.com/wp-content/uploads/2020/02/home3-process-bg.jpg]
[www.ziiboxes.com/wp-content/uploads/2020/11/CEO_photo_800.jpg]
[www.ziiboxes.com/wp-content/uploads/2020/02/home3-dot-circle-bg2.jpg]
[www.ziiboxes.com/wp-content/uploads/elementor/css/post-1606ac5.css]
[c0.wp.com/p/jetpack/9.4.3/modules/carousel/images/arrows.png]
[c0.wp.com/p/jetpack/9.4.3/modules/carousel/images/arrows-2x.png]
[c0.wp.com/p/jetpack/9.4.3/modules/carousel/images/carousel-spritee4da.png]
[c0.wp.com/p/jetpack/9.4.3/modules/carousel/images/carousel-sprite-2xe4da.png]
[c0.wp.com/p/jetpack/9.4.3/modules/shortcodes/img/slideshow-controls.png]
[c0.wp.com/p/jetpack/9.4.3/modules/shortcodes/img/slideshow-controls-2x.png]
[c0.wp.com/p/jetpack/9.4.3/modules/shortcodes/images/slide-nav.png]
[c0.wp.com/p/jetpack/9.4.3/modules/shortcodes/images/expand.png]
[c0.wp.com/p/jetpack/9.4.3/modules/shortcodes/images/collapse.png]
[c0.wp.com/p/jetpack/9.4.3/css/jetpack.css]
[www.ziiboxes.com/cdn-cgi/l/email-protection.html]
[www.ziiboxes.com/wp-content/uploads/elementor/css/post-1741733f.css]
[www.ziiboxes.com/wp-content/uploads/2022/07/match-game-card-670x670.jpg]
[www.ziiboxes.com/wp-content/uploads/2022/07/match-game-card.jpg]
[www.ziiboxes.com/wp-content/uploads/2022/07/puzzles-670x670.jpg]
[www.ziiboxes.com/wp-content/uploads/2022/07/puzzles.jpg]
[www.ziiboxes.com/wp-content/uploads/2020/11/Whiskey_21-670x670.jpg]
[www.ziiboxes.com/wp-content/uploads/2020/11/Whiskey_21.jpg]
[www.ziiboxes.com/wp-content/uploads/2020/11/book-670x670.jpg]
[www.ziiboxes.com/wp-content/uploads/2020/11/book.jpg]
[www.ziiboxes.com/wp-content/uploads/2020/11/dior-670x670.jpg]
[www.ziiboxes.com/wp-content/uploads/2020/11/dior.jpg]
[www.ziiboxes.com/wp-content/uploads/2020/11/netflix-1-670x670.jpg]
[www.ziiboxes.com/wp-content/uploads/2020/11/netflix-1.jpg]
[www.ziiboxes.com/wp-content/uploads/2020/02/Industrial-Packaging-670x670.jpg]
[www.ziiboxes.com/wp-content/uploads/2020/02/Industrial-Packaging.jpg]
[www.ziiboxes.com/wp-content/uploads/2020/02/Cardboard-boxes-670x670.jpg]
[www.ziiboxes.com/wp-content/uploads/2020/02/Cardboard-boxes.jpg]
[www.ziiboxes.com/wp-content/uploads/2020/02/handbag-670x670.jpg]
[www.ziiboxes.com/wp-content/uploads/2020/02/handbag.jpg]
[www.ziiboxes.com/wp-content/uploads/2020/02/Foldable-boxes-670x670.jpg]
[www.ziiboxes.com/wp-content/uploads/2020/02/Foldable-boxes.jpg]
[www.ziiboxes.com/wp-content/uploads/2020/02/mailer-boxes-670x670.jpg]
[www.ziiboxes.com/wp-content/uploads/2020/02/mailer-boxes.jpg]
[www.ziiboxes.com/wp-content/uploads/2020/02/Product-Boxes-670x670.jpg]
[www.ziiboxes.com/wp-content/uploads/2020/02/Product-Boxes.jpg]
[www.ziiboxes.com/wp-content/uploads/2020/02/Perfume-packaging-670x670.jpg]
[www.ziiboxes.com/wp-content/uploads/2020/02/Perfume-packaging.jpg]
[www.ziiboxes.com/wp-content/uploads/2020/02/Jewelry-box-670x670.jpg]
[www.ziiboxes.com/wp-content/uploads/2020/02/Jewelry-box.jpg]
[www.ziiboxes.com/wp-content/uploads/2020/02/cookie-boxes-670x670.jpg]
[www.ziiboxes.com/wp-content/uploads/2020/02/cookie-boxes.jpg]
[www.ziiboxes.com/wp-content/plugins/gyan-elements/addons/js/jquery_resize.min3061.js]
[www.ziiboxes.com/products/index.html]
[www.ziiboxes.com/wp-content/uploads/elementor/css/post-391129c.css]
[www.ziiboxes.com/wp-content/uploads/2020/11/914205_300.jpg]
[www.ziiboxes.com/wp-content/uploads/2020/11/914870_400-1024x1022.jpg]
[www.ziiboxes.com/wp-content/uploads/2020/11/cc-book.png]
[www.ziiboxes.com/wp-content/uploads/2020/11/envelope-solid.png]
[www.ziiboxes.com/wp-content/uploads/2020/11/Packaging.png]
[www.ziiboxes.com/wp-content/uploads/2020/11/986079-300x212.jpg]
[www.ziiboxes.com/wp-content/uploads/2020/11/871284-300x212.jpg]
[www.ziiboxes.com/wp-content/uploads/2020/11/987089-300x212.png]
[www.ziiboxes.com/wp-content/uploads/2020/11/984745-300x212.png]
[www.ziiboxes.com/wp-content/uploads/2020/11/986179-300x212.png]
[www.ziiboxes.com/wp-content/uploads/2020/02/service-single3.jpg]
[www.ziiboxes.com/services/index.html]
[www.ziiboxes.com/wp-content/uploads/elementor/css/post-1612c2e.css]
[www.ziiboxes.com/wp-content/uploads/2020/02/about-dot-curve.jpg]
[www.ziiboxes.com/wp-content/uploads/2020/03/about-welcome.jpg]
[www.ziiboxes.com/wp-content/uploads/2020/11/Rohs.png]
[www.ziiboxes.com/wp-content/uploads/2020/02/icon-artist2.png]
[www.ziiboxes.com/wp-content/uploads/2020/11/认证.png]
[www.ziiboxes.com/wp-content/uploads/2020/11/送关怀.png]
[www.ziiboxes.com/wp-content/uploads/2020/02/about-faq.jpg]
[www.ziiboxes.com/about-us/index.html]
[www.ziiboxes.com/wp-content/uploads/elementor/css/post-18768d67.css]
[www.ziiboxes.com/wp-content/plugins/contact-form-7/includes/css/styles91d5.css]
[www.ziiboxes.com/wp-content/plugins/gyan-elements/addons/css/gyan-contact-form-7-minc358.css]
[c0.wp.com/c/5.6.11/wp-includes/js/dist/vendor/wp-polyfill.min.js]
[www.ziiboxes.com/wp-includes/js/dist/vendor/wp-polyfill-fetch.min6e0e.js]
[www.ziiboxes.com/wp-includes/js/dist/vendor/wp-polyfill-node-contains.min2e00.js]
[www.ziiboxes.com/wp-includes/js/dist/vendor/wp-polyfill-dom-rect.min2e00.js]
[www.ziiboxes.com/wp-includes/js/dist/vendor/wp-polyfill-url.min5aed.js]
[www.ziiboxes.com/wp-includes/js/dist/vendor/wp-polyfill-formdata.mine9bd.js]
[www.ziiboxes.com/wp-includes/js/dist/vendor/wp-polyfill-element-closest.min4c56.js]
[c0.wp.com/c/5.6.11/wp-includes/js/dist/i18n.min.js]
[c0.wp.com/c/5.6.11/wp-includes/js/dist/url.min.js]
[c0.wp.com/c/5.6.11/wp-includes/js/dist/vendor/lodash.min.js]
[c0.wp.com/c/5.6.11/wp-includes/js/dist/hooks.min.js]
[c0.wp.com/c/5.6.11/wp-includes/js/dist/api-fetch.min.js]
[www.ziiboxes.com/wp-content/plugins/contact-form-7/includes/js/index91d5.js]
[www.ziiboxes.com/contact-us/index.html]
[cdn4.iconfinder.com/data/icons/small-n-flat/24/663378.png]
[www.ziiboxes.com/wp-content/plugins/ays-popup-box/public/css/ays-pb-public3c94.css]
[www.ziiboxes.com/wp-content/plugins/revslider/public/assets/fonts/revicons/revicons90c6.svg]
[www.ziiboxes.com/wp-content/plugins/revslider/public/assets/css/openhand.html]
[www.ziiboxes.com/wp-content/plugins/revslider/public/assets/css/closedhand.html]
[www.ziiboxes.com/wp-content/themes/bizix/webfonts/fa-brands-400.svg]
[www.ziiboxes.com/wp-content/themes/bizix/webfonts/fa-regular-400.svg]
[www.ziiboxes.com/wp-content/themes/bizix/webfonts/fa-solid-900.svg]
[www.ziiboxes.com/wp-content/themes/bizix/webfonts/flat-icons/Flaticon.svg]
[www.ziiboxes.com/wp-content/plugins/elementor/assets/lib/eicons/fonts/eicons0b93.svg]
[www.ziiboxes.com/wp-content/uploads/elementor/css/post-1741733f.css]
[www.ziiboxes.com/wp-content/uploads/2020/02/service-call.png]
[www.ziiboxes.com/wp-content/uploads/elementor/css/post-391129c.css]
[www.ziiboxes.com/wp-content/plugins/gyan-elements/assets/css/owl.video.play.png]
[www.ziiboxes.com/wp-content/uploads/2020/02/about-welcome-bg.jpg]
[www.ziiboxes.com/wp-content/uploads/2020/02/about-lines.jpg]
[www.ziiboxes.com/wp-content/uploads/2020/02/home1-bg2.jpg]
[www.ziiboxes.com/wp-content/uploads/2020/02/about-circles.jpg]
[www.ziiboxes.com/wp-content/uploads/elementor/css/post-1612c2e.css]
[www.ziiboxes.com/wp-content/uploads/2020/02/about-dot-curve.html]
[www.ziiboxes.com/wp-content/uploads/elementor/css/post-18768d67.css]
[www.ziiboxes.com/wp-content/plugins/contact-form-7/includes/css/styles91d5.css]
[www.ziiboxes.com/wp-content/plugins/gyan-elements/addons/css/gyan-contact-form-7-minc358.css]
[www.ziiboxes.com/wp-json/index.html]
[www.ziiboxes.com/wp-admin/admin-ajaxf809.html]
[www.ziiboxes.com/feed/index.html]
[www.ziiboxes.com/comments/feed/index.html]
[www.ziiboxes.com/wp-content/plugins/gyan-elements/assets/css/owl.video.play.png]
[code.tidio.co_443/khivupcm4ndkptwhi8v0bkskb8ka0xri.js]
[secure.gravatar.com/images/grav-share-sprite.png]
